
> aidilsaputrakirsan3.github.io@0.0.0 build
> vite build

[36mvite v5.4.14 [32mbuilding for production...[36m[39m
transforming...
node.exe : Browserslist: browsers data 
(caniuse-lite) is 12 months old. Please 
run:
At C:\Program Files\nodejs\npm.ps1:29 
char:3
+   & $NODE_EXE $NPM_CLI_JS $args
+   ~~~~~~~~~~~~~~~~~~~~~~~~~~~~~
    + CategoryInfo          : NotSpecified 
   : (Browserslist: b...ld. Please run::S  
  tring) [], RemoteException
    + FullyQualifiedErrorId : NativeComman 
   dError
 
  npx update-browserslist-db@latest
  Why you should do it regularly: https://g
ithub.com/browserslist/update-db#readme
[32mΓ£ô[39m 400 modules transformed.
[31mx[39m Build failed in 1.85s
[31merror during build:
[31msrc/components/ui/AnimeHeroGraphic.jsx
 (2:7): "default" is not exported by "node_
modules/animejs/dist/modules/index.js", 
imported by "src/components/ui/AnimeHeroGra
phic.jsx".[31m
file: [36mC:/laragon/www/Materi-Presentasi
/aidilsaputrakirsan.github.io/src/component
s/ui/AnimeHeroGraphic.jsx:2:7[31m
[33m
1: import { useEffect, useRef } from 
'react';
2: import anime from 'animejs';
          ^
3: 
4: const AnimeHeroGraphic = () => {
[31m
    at getRollupError (file:///C:/laragon/w
ww/Materi-Presentasi/aidilsaputrakirsan.git
hub.io/node_modules/rollup/dist/es/shared/p
arseAst.js:397:41)
    at error (file:///C:/laragon/www/Materi
-Presentasi/aidilsaputrakirsan.github.io/no
de_modules/rollup/dist/es/shared/parseAst.j
s:393:42)
    at Module.error (file:///C:/laragon/www
/Materi-Presentasi/aidilsaputrakirsan.githu
b.io/node_modules/rollup/dist/es/shared/nod
e-entry.js:16603:16)
    at Module.traceVariable (file:///C:/lar
agon/www/Materi-Presentasi/aidilsaputrakirs
an.github.io/node_modules/rollup/dist/es/sh
ared/node-entry.js:17052:29)
    at ModuleScope.findVariable (file:///C:
/laragon/www/Materi-Presentasi/aidilsaputra
kirsan.github.io/node_modules/rollup/dist/e
s/shared/node-entry.js:14709:39)
    at ReturnValueScope.findVariable (file:
///C:/laragon/www/Materi-Presentasi/aidilsa
putrakirsan.github.io/node_modules/rollup/d
ist/es/shared/node-entry.js:5582:38)
    at FunctionBodyScope.findVariable (file
:///C:/laragon/www/Materi-Presentasi/aidils
aputrakirsan.github.io/node_modules/rollup/
dist/es/shared/node-entry.js:5582:38)
    at ReturnValueScope.findVariable (file:
///C:/laragon/www/Materi-Presentasi/aidilsa
putrakirsan.github.io/node_modules/rollup/d
ist/es/shared/node-entry.js:5582:38)
    at FunctionBodyScope.findVariable (file
:///C:/laragon/www/Materi-Presentasi/aidils
aputrakirsan.github.io/node_modules/rollup/
dist/es/shared/node-entry.js:5582:38)
    at MemberExpression.bind (file:///C:/la
ragon/www/Materi-Presentasi/aidilsaputrakir
san.github.io/node_modules/rollup/dist/es/s
hared/node-entry.js:7285:49)[39m
